// Jest Snapshot v1, https://goo.gl/fbAQLP

exports[`test components should match Mission 1`] = `
<div>
  <div
    class="mission-wrapper"
  >
    <table
      class="mission-table"
    >
      <thead>
        <tr>
          <th>
            Mission
          </th>
          <th>
            Description
          </th>
          <th>
            Status
          </th>
          <th>
            Action
          </th>
        </tr>
      </thead>
      <tbody>
        <tr>
          <td>
            mission 1
          </td>
          <td>
            desc1
          </td>
          <td>
            <button
              class="mission-inactive-button"
              type="button"
            >
              NOT A MEMBER
            </button>
          </td>
          <td>
            <button
              class="join-mission-button"
              id="111"
              title="test-mission-btn"
              type="button"
            >
              Join Mission
            </button>
          </td>
        </tr>
        <tr>
          <td>
            mission 2
          </td>
          <td>
            desc2
          </td>
          <td>
            <button
              class="mission-inactive-button"
              type="button"
            >
              NOT A MEMBER
            </button>
          </td>
          <td>
            <button
              class="join-mission-button"
              id="222"
              title="test-mission-btn"
              type="button"
            >
              Join Mission
            </button>
          </td>
        </tr>
      </tbody>
    </table>
  </div>
</div>
`;

exports[`test components should match the snapshot 1`] = `<div />`;
