// Jest Snapshot v1, https://goo.gl/fbAQLP

exports[`test components should match the snapshot 1`] = `<div />`;
